******************************************************************************
                  TI ARM Linker Unix v18.1.2                   
******************************************************************************
>> Linked Tue Dec 11 10:32:46 2018

OUTPUT FILE NAME:   <FinalMaze.out>
ENTRY POINT SYMBOL: "_c_int00_noargs"  address: 00001d8d


MEMORY CONFIGURATION

         name            origin    length      used     unused   attr    fill
----------------------  --------  ---------  --------  --------  ----  --------
  MAIN                  00000000   00040000  00001eec  0003e114  R  X
  INFO                  00200000   00004000  00000000  00004000  R  X
  SRAM_CODE             01000000   00010000  0000027d  0000fd83  RW X
  SRAM_DATA             20000000   00010000  0000027d  0000fd83  RW  


SEGMENT ALLOCATION MAP

run origin  load origin   length   init length attrs members
----------  ----------- ---------- ----------- ----- -------
00000000    00000000    00001ef0   00001ef0    r-x
  00000000    00000000    000000e4   000000e4    r-- .intvecs
  000000e4    000000e4    00001dc8   00001dc8    r-x .text
  00001eb0    00001eb0    00000040   00000040    r-- .cinit
20000000    20000000    0000007d   00000000    rw-
  20000000    20000000    0000004c   00000000    rw- .bss
  2000004c    2000004c    00000031   00000000    rw- .data
2000fe00    2000fe00    00000200   00000000    rw-
  2000fe00    2000fe00    00000200   00000000    rw- .stack


SECTION ALLOCATION MAP

 output                                  attributes/
section   page    origin      length       input sections
--------  ----  ----------  ----------   ----------------
.intvecs   0    00000000    000000e4     
                  00000000    000000e4     startup_msp432p401r_ccs.obj (.intvecs:retain)

.text      0    000000e4    00001dc8     
                  000000e4    00000524     DriveSystem.obj (.text)
                  00000608    00000438     main.obj (.text)
                  00000a40    000003f0     LineSensors.obj (.text)
                  00000e30    00000334     system_msp432p401r.obj (.text)
                  00001164    000002b0     ADC14.obj (.text)
                  00001414    000001a4     MotorEncoder.obj (.text)
                  000015b8    00000180     PWM.obj (.text)
                  00001738    00000136     rtsv7M4_T_le_v4SPD16_eabi.lib : fd_div_t2.asm.obj (.text)
                  0000186e    000000fc                                   : fd_mul_t2.asm.obj (.text)
                  0000196a    00000002     --HOLE-- [fill = 0]
                  0000196c    000000f8     BumpSwitch.obj (.text)
                  00001a64    0000009c     rtsv7M4_T_le_v4SPD16_eabi.lib : memcpy_t2.asm.obj (.text)
                  00001b00    0000007a                                   : memset_t2.asm.obj (.text)
                  00001b7a    0000006e                                   : fd_tos_t2.asm.obj (.text)
                  00001be8    0000006c     SysTick.obj (.text)
                  00001c54    00000068     rtsv7M4_T_le_v4SPD16_eabi.lib : copy_decompress_lzss.c.obj (.text:decompress:lzss:__TI_decompress_lzss)
                  00001cbc    00000048                                   : fd_toi_t2.asm.obj (.text)
                  00001d04    00000044                                   : autoinit.c.obj (.text:__TI_auto_init_nobinit_nopinit:__TI_auto_init_nobinit_nopinit)
                  00001d48    00000044                                   : fd_tou_t2.asm.obj (.text)
                  00001d8c    00000038                                   : boot_cortex_m.c.obj (.text:_c_int00_noargs:_c_int00_noargs)
                  00001dc4    00000038                                   : fs_tod_t2.asm.obj (.text)
                  00001dfc    00000032     LineSensors.obj (.text:line_sensors_add_port)
                  00001e2e    00000028     LidarSensors.obj (.text)
                  00001e56    00000020     rtsv7M4_T_le_v4SPD16_eabi.lib : u_tofd_t2.asm.obj (.text)
                  00001e76    00000012                                   : copy_zero_init.c.obj (.text:decompress:ZI:__TI_zero_init_nomemset:__TI_zero_init_nomemset)
                  00001e88    0000000e                                   : copy_decompress_none.c.obj (.text:decompress:none:__TI_decompress_none)
                  00001e96    0000000e     startup_msp432p401r_ccs.obj (.text)
                  00001ea4    00000004     rtsv7M4_T_le_v4SPD16_eabi.lib : pre_init.c.obj (.text:_system_pre_init)
                  00001ea8    00000004                                   : exit.c.obj (.text:abort:abort)

.cinit     0    00001eb0    00000040     
                  00001eb0    00000019     (.cinit..data.load) [load image, compression = lzss]
                  00001ec9    00000003     --HOLE-- [fill = 0]
                  00001ecc    0000000c     (__TI_handler_table)
                  00001ed8    00000008     (.cinit..bss.load) [load image, compression = zero_init]
                  00001ee0    00000010     (__TI_cinit_table)

.init_array 
*          0    00000000    00000000     UNINITIALIZED

.binit     0    00000000    00000000     

.bss       0    20000000    0000004c     UNINITIALIZED
                  20000000    00000020     LineSensors.obj (.bss:line_sensors)
                  20000020    00000014     MotorEncoder.obj (.bss:left_encoder)
                  20000034    00000014     MotorEncoder.obj (.bss:right_encoder)
                  20000048    00000004     (.common:ir_led)

.data      0    2000004c    00000031     UNINITIALIZED
                  2000004c    00000018     main.obj (.data)
                  20000064    0000000c     DriveSystem.obj (.data)
                  20000070    00000008     BumpSwitch.obj (.data)
                  20000078    00000004     system_msp432p401r.obj (.data)
                  2000007c    00000001     LineSensors.obj (.data)

.stack     0    2000fe00    00000200     UNINITIALIZED
                  2000fe00    00000004     rtsv7M4_T_le_v4SPD16_eabi.lib : boot_cortex_m.c.obj (.stack)
                  2000fe04    000001fc     --HOLE--

MODULE SUMMARY

       Module                        code   ro data   rw data
       ------                        ----   -------   -------
    ./
       DriveSystem.obj               1316   0         24     
       LineSensors.obj               1058   0         74     
       main.obj                      1080   0         48     
       system_msp432p401r.obj        820    0         8      
       ADC14.obj                     688    0         0      
       MotorEncoder.obj              420    0         80     
       PWM.obj                       384    0         0      
       BumpSwitch.obj                248    0         16     
       startup_msp432p401r_ccs.obj   14     228       0      
       SysTick.obj                   108    0         0      
       LidarSensors.obj              40     0         0      
    +--+-----------------------------+------+---------+---------+
       Total:                        6176   228       250    
                                                             
    /Applications/ti/ccsv8/tools/compiler/ti-cgt-arm_18.1.2.LTS/lib/rtsv7M4_T_le_v4SPD16_eabi.lib
       fd_div_t2.asm.obj             310    0         0      
       fd_mul_t2.asm.obj             252    0         0      
       memcpy_t2.asm.obj             156    0         0      
       memset_t2.asm.obj             122    0         0      
       fd_tos_t2.asm.obj             110    0         0      
       copy_decompress_lzss.c.obj    104    0         0      
       fd_toi_t2.asm.obj             72     0         0      
       autoinit.c.obj                68     0         0      
       fd_tou_t2.asm.obj             68     0         0      
       boot_cortex_m.c.obj           56     0         0      
       fs_tod_t2.asm.obj             56     0         0      
       u_tofd_t2.asm.obj             32     0         0      
       copy_zero_init.c.obj          18     0         0      
       copy_decompress_none.c.obj    14     0         0      
       exit.c.obj                    4      0         0      
       pre_init.c.obj                4      0         0      
    +--+-----------------------------+------+---------+---------+
       Total:                        1446   0         0      
                                                             
       Stack:                        0      0         1024   
       Linker Generated:             0      61        0      
    +--+-----------------------------+------+---------+---------+
       Grand Total:                  7622   289       1274   


LINKER GENERATED COPY TABLES

__TI_cinit_table @ 00001ee0 records: 2, size/record: 8, table size: 16
	.data: load addr=00001eb0, load size=00000019 bytes, run addr=2000004c, run size=00000031 bytes, compression=lzss
	.bss: load addr=00001ed8, load size=00000008 bytes, run addr=20000000, run size=0000004c bytes, compression=zero_init


LINKER GENERATED HANDLER TABLE

__TI_handler_table @ 00001ecc records: 3, size/record: 4, table size: 12
	index: 0, handler: __TI_decompress_lzss
	index: 1, handler: __TI_decompress_none
	index: 2, handler: __TI_zero_init


GLOBAL SYMBOLS: SORTED ALPHABETICALLY BY Name 

address   name                          
-------   ----                          
000013b1  ADC0_InitSWTriggerCh12        
000011d5  ADC0_InitSWTriggerCh14        
000012b5  ADC0_InitSWTriggerCh15        
00001165  ADC0_InitSWTriggerCh16        
000013b7  ADC0_InitSWTriggerCh17_12_16  
00001245  ADC0_InitSWTriggerCh6         
00001325  ADC0_InitSWTriggerCh67        
00001ea3  ADC14_IRQHandler              
000013b3  ADC_In12                      
00001225  ADC_In14                      
00001305  ADC_In15                      
000011b5  ADC_In16                      
000013b9  ADC_In17_12_16                
00001295  ADC_In6                       
0000137b  ADC_In67                      
00001ea3  AES256_IRQHandler             
000019a5  BumpSwitches_Init             
00001ea3  BusFault_Handler              
00001ea9  C$$EXIT                       
00001ea3  COMP_E0_IRQHandler            
00001ea3  COMP_E1_IRQHandler            
00001ea3  CS_IRQHandler                 
00001ea3  DMA_ERR_IRQHandler            
00001ea3  DMA_INT0_IRQHandler           
00001ea3  DMA_INT1_IRQHandler           
00001ea3  DMA_INT2_IRQHandler           
00001ea3  DMA_INT3_IRQHandler           
00001ea3  DebugMon_Handler              
00001ea3  Default_Handler               
000000e5  DriveSystem_Init              
00001ea3  EUSCIA0_IRQHandler            
00001ea3  EUSCIA1_IRQHandler            
00001ea3  EUSCIA2_IRQHandler            
00001ea3  EUSCIA3_IRQHandler            
00001ea3  EUSCIB0_IRQHandler            
00001ea3  EUSCIB1_IRQHandler            
00001ea3  EUSCIB2_IRQHandler            
00001ea3  EUSCIB3_IRQHandler            
00001ea3  FLCTL_IRQHandler              
00001ea3  FPU_IRQHandler                
00001ea3  HardFault_Handler             
00000a41  Init_LineSensors              
00001e2f  LidarSensors_Init             
00001ea3  MemManage_Handler             
00001441  MotorEncoder_Init             
00001ea3  NMI_Handler                   
00001ea3  PCM_IRQHandler                
00001ea3  PORT1_IRQHandler              
000014d5  PORT2_IRQHandler              
000014d5  PORT2_IRQHandler              
00001ea3  PORT3_IRQHandler              
00001a11  PORT4_IRQHandler              
00001a11  PORT4_IRQHandler              
00001ea3  PORT5_IRQHandler              
00001ea3  PORT6_IRQHandler              
00001ea3  PSS_IRQHandler                
000016a3  PWM_Duty1                     
000016c3  PWM_Duty2                     
000016f7  PWM_Duty3                     
00001703  PWM_Duty4                     
000015b9  PWM_Init1                     
0000161f  PWM_Init12                    
000016e3  PWM_Init34                    
00001ea3  PendSV_Handler                
00001ea3  RTC_C_IRQHandler              
00001e97  Reset_Handler                 
00001ea3  SVC_Handler                   
00001ea3  SysTick_Handler               
00001be9  SysTick_Init                  
00001bf9  SysTick_Wait                  
00001c1f  SysTick_Wait10ms              
20000078  SystemCoreClock               
00000e31  SystemCoreClockUpdate         
000010a9  SystemInit                    
00001ea3  T32_INT1_IRQHandler           
00001ea3  T32_INT2_IRQHandler           
00001ea3  T32_INTC_IRQHandler           
00001ea3  TA0_0_IRQHandler              
0000150b  TA0_N_IRQHandler              
0000150b  TA0_N_IRQHandler              
00001ea3  TA1_0_IRQHandler              
00001ea3  TA1_N_IRQHandler              
00001ea3  TA2_0_IRQHandler              
00001ea3  TA2_N_IRQHandler              
00001ea3  TA3_0_IRQHandler              
00001ea3  TA3_N_IRQHandler              
00001ea3  UsageFault_Handler            
4000480c  WDTCTL_SYM                    
00001ea3  WDT_A_IRQHandler              
20010000  __STACK_END                   
00000200  __STACK_SIZE                  
00001ee0  __TI_CINIT_Base               
00001ef0  __TI_CINIT_Limit              
00001ecc  __TI_Handler_Table_Base       
00001ed8  __TI_Handler_Table_Limit      
00001d05  __TI_auto_init_nobinit_nopinit
00001c55  __TI_decompress_lzss          
00001e89  __TI_decompress_none          
ffffffff  __TI_pprof_out_hndl           
ffffffff  __TI_prof_data_size           
ffffffff  __TI_prof_data_start          
00000000  __TI_static_base__            
00001e77  __TI_zero_init_nomemset       
00001b7b  __aeabi_d2f                   
00001cbd  __aeabi_d2iz                  
00001d49  __aeabi_d2uiz                 
00001739  __aeabi_ddiv                  
0000186f  __aeabi_dmul                  
00001dc5  __aeabi_f2d                   
00001b01  __aeabi_memclr                
00001b01  __aeabi_memclr4               
00001b01  __aeabi_memclr8               
00001a65  __aeabi_memcpy                
00001a65  __aeabi_memcpy4               
00001a65  __aeabi_memcpy8               
00001b03  __aeabi_memset                
00001b03  __aeabi_memset4               
00001b03  __aeabi_memset8               
00001e57  __aeabi_ui2d                  
ffffffff  __binit__                     
ffffffff  __c_args__                    
UNDEFED   __mpu_init                    
2000fe00  __stack                       
00001d8d  _c_int00_noargs               
UNDEFED   _system_post_cinit            
00001ea5  _system_pre_init              
00001ea9  abort                         
00000829  avoid_object                  
ffffffff  binit                         
20000050  bmp_cnt                       
00001a2b  bump_clear_trigger            
00001999  bump_def_handler              
000009c5  bump_interrupt                
00001a25  bump_is_triggered             
20000074  bump_task                     
000014a5  count_to_cm                   
00000609  dead_reckoning                
00000221  drive_backward_cm             
000001ff  drive_forward_cm              
00000593  drive_left_speed              
000004b7  drive_pivot_ccw               
000003c9  drive_pivot_cw                
000005bd  drive_right_speed             
00000139  drive_straight_cm             
000002ff  drive_turn_left               
0000024d  drive_turn_right              
00000000  interruptVectors              
20000048  ir_led                        
00001e3f  lidar_forward_read            
20000058  lidar_forward_val             
00001e4f  lidar_left_read               
20000054  lidar_left_val                
00001e47  lidar_right_read              
2000005c  lidar_right_val               
00000c89  line_sensor_auto_cal          
00000add  line_sensor_config_ir_led     
00000c77  line_sensor_get_count         
00000be1  line_sensor_read              
00000b39  line_sensor_reset             
00000bb3  line_sensor_reset_all         
00000a83  line_sensors_add              
00001dfd  line_sensors_add_port         
00000aa9  line_sensors_add_sensor       
00000c7d  line_sensors_get              
00000915  main                          
2000004c  main_cnt                      
000006b5  maze                          
00001a65  memcpy                        
00001b09  memset                        
000014d1  motor_encoder_get_left        
000014cd  motor_encoder_get_right       
20000060  test                          


GLOBAL SYMBOLS: SORTED BY Symbol Address 

address   name                          
-------   ----                          
00000000  __TI_static_base__            
00000000  interruptVectors              
000000e5  DriveSystem_Init              
00000139  drive_straight_cm             
000001ff  drive_forward_cm              
00000200  __STACK_SIZE                  
00000221  drive_backward_cm             
0000024d  drive_turn_right              
000002ff  drive_turn_left               
000003c9  drive_pivot_cw                
000004b7  drive_pivot_ccw               
00000593  drive_left_speed              
000005bd  drive_right_speed             
00000609  dead_reckoning                
000006b5  maze                          
00000829  avoid_object                  
00000915  main                          
000009c5  bump_interrupt                
00000a41  Init_LineSensors              
00000a83  line_sensors_add              
00000aa9  line_sensors_add_sensor       
00000add  line_sensor_config_ir_led     
00000b39  line_sensor_reset             
00000bb3  line_sensor_reset_all         
00000be1  line_sensor_read              
00000c77  line_sensor_get_count         
00000c7d  line_sensors_get              
00000c89  line_sensor_auto_cal          
00000e31  SystemCoreClockUpdate         
000010a9  SystemInit                    
00001165  ADC0_InitSWTriggerCh16        
000011b5  ADC_In16                      
000011d5  ADC0_InitSWTriggerCh14        
00001225  ADC_In14                      
00001245  ADC0_InitSWTriggerCh6         
00001295  ADC_In6                       
000012b5  ADC0_InitSWTriggerCh15        
00001305  ADC_In15                      
00001325  ADC0_InitSWTriggerCh67        
0000137b  ADC_In67                      
000013b1  ADC0_InitSWTriggerCh12        
000013b3  ADC_In12                      
000013b7  ADC0_InitSWTriggerCh17_12_16  
000013b9  ADC_In17_12_16                
00001441  MotorEncoder_Init             
000014a5  count_to_cm                   
000014cd  motor_encoder_get_right       
000014d1  motor_encoder_get_left        
000014d5  PORT2_IRQHandler              
000014d5  PORT2_IRQHandler              
0000150b  TA0_N_IRQHandler              
0000150b  TA0_N_IRQHandler              
000015b9  PWM_Init1                     
0000161f  PWM_Init12                    
000016a3  PWM_Duty1                     
000016c3  PWM_Duty2                     
000016e3  PWM_Init34                    
000016f7  PWM_Duty3                     
00001703  PWM_Duty4                     
00001739  __aeabi_ddiv                  
0000186f  __aeabi_dmul                  
00001999  bump_def_handler              
000019a5  BumpSwitches_Init             
00001a11  PORT4_IRQHandler              
00001a11  PORT4_IRQHandler              
00001a25  bump_is_triggered             
00001a2b  bump_clear_trigger            
00001a65  __aeabi_memcpy                
00001a65  __aeabi_memcpy4               
00001a65  __aeabi_memcpy8               
00001a65  memcpy                        
00001b01  __aeabi_memclr                
00001b01  __aeabi_memclr4               
00001b01  __aeabi_memclr8               
00001b03  __aeabi_memset                
00001b03  __aeabi_memset4               
00001b03  __aeabi_memset8               
00001b09  memset                        
00001b7b  __aeabi_d2f                   
00001be9  SysTick_Init                  
00001bf9  SysTick_Wait                  
00001c1f  SysTick_Wait10ms              
00001c55  __TI_decompress_lzss          
00001cbd  __aeabi_d2iz                  
00001d05  __TI_auto_init_nobinit_nopinit
00001d49  __aeabi_d2uiz                 
00001d8d  _c_int00_noargs               
00001dc5  __aeabi_f2d                   
00001dfd  line_sensors_add_port         
00001e2f  LidarSensors_Init             
00001e3f  lidar_forward_read            
00001e47  lidar_right_read              
00001e4f  lidar_left_read               
00001e57  __aeabi_ui2d                  
00001e77  __TI_zero_init_nomemset       
00001e89  __TI_decompress_none          
00001e97  Reset_Handler                 
00001ea3  ADC14_IRQHandler              
00001ea3  AES256_IRQHandler             
00001ea3  BusFault_Handler              
00001ea3  COMP_E0_IRQHandler            
00001ea3  COMP_E1_IRQHandler            
00001ea3  CS_IRQHandler                 
00001ea3  DMA_ERR_IRQHandler            
00001ea3  DMA_INT0_IRQHandler           
00001ea3  DMA_INT1_IRQHandler           
00001ea3  DMA_INT2_IRQHandler           
00001ea3  DMA_INT3_IRQHandler           
00001ea3  DebugMon_Handler              
00001ea3  Default_Handler               
00001ea3  EUSCIA0_IRQHandler            
00001ea3  EUSCIA1_IRQHandler            
00001ea3  EUSCIA2_IRQHandler            
00001ea3  EUSCIA3_IRQHandler            
00001ea3  EUSCIB0_IRQHandler            
00001ea3  EUSCIB1_IRQHandler            
00001ea3  EUSCIB2_IRQHandler            
00001ea3  EUSCIB3_IRQHandler            
00001ea3  FLCTL_IRQHandler              
00001ea3  FPU_IRQHandler                
00001ea3  HardFault_Handler             
00001ea3  MemManage_Handler             
00001ea3  NMI_Handler                   
00001ea3  PCM_IRQHandler                
00001ea3  PORT1_IRQHandler              
00001ea3  PORT3_IRQHandler              
00001ea3  PORT5_IRQHandler              
00001ea3  PORT6_IRQHandler              
00001ea3  PSS_IRQHandler                
00001ea3  PendSV_Handler                
00001ea3  RTC_C_IRQHandler              
00001ea3  SVC_Handler                   
00001ea3  SysTick_Handler               
00001ea3  T32_INT1_IRQHandler           
00001ea3  T32_INT2_IRQHandler           
00001ea3  T32_INTC_IRQHandler           
00001ea3  TA0_0_IRQHandler              
00001ea3  TA1_0_IRQHandler              
00001ea3  TA1_N_IRQHandler              
00001ea3  TA2_0_IRQHandler              
00001ea3  TA2_N_IRQHandler              
00001ea3  TA3_0_IRQHandler              
00001ea3  TA3_N_IRQHandler              
00001ea3  UsageFault_Handler            
00001ea3  WDT_A_IRQHandler              
00001ea5  _system_pre_init              
00001ea9  C$$EXIT                       
00001ea9  abort                         
00001ecc  __TI_Handler_Table_Base       
00001ed8  __TI_Handler_Table_Limit      
00001ee0  __TI_CINIT_Base               
00001ef0  __TI_CINIT_Limit              
20000048  ir_led                        
2000004c  main_cnt                      
20000050  bmp_cnt                       
20000054  lidar_left_val                
20000058  lidar_forward_val             
2000005c  lidar_right_val               
20000060  test                          
20000074  bump_task                     
20000078  SystemCoreClock               
2000fe00  __stack                       
20010000  __STACK_END                   
4000480c  WDTCTL_SYM                    
ffffffff  __TI_pprof_out_hndl           
ffffffff  __TI_prof_data_size           
ffffffff  __TI_prof_data_start          
ffffffff  __binit__                     
ffffffff  __c_args__                    
ffffffff  binit                         
UNDEFED   __mpu_init                    
UNDEFED   _system_post_cinit            

[172 symbols]
