******************************************************************************
                  TI ARM Linker Unix v18.1.2                   
******************************************************************************
>> Linked Wed Dec 12 11:28:26 2018

OUTPUT FILE NAME:   <FinalMaze.out>
ENTRY POINT SYMBOL: "_c_int00_noargs"  address: 00001da5


MEMORY CONFIGURATION

         name            origin    length      used     unused   attr    fill
----------------------  --------  ---------  --------  --------  ----  --------
  MAIN                  00000000   00040000  00001f04  0003e0fc  R  X
  INFO                  00200000   00004000  00000000  00004000  R  X
  SRAM_CODE             01000000   00010000  0000027d  0000fd83  RW X
  SRAM_DATA             20000000   00010000  0000027d  0000fd83  RW  


SEGMENT ALLOCATION MAP

run origin  load origin   length   init length attrs members
----------  ----------- ---------- ----------- ----- -------
00000000    00000000    00001f08   00001f08    r-x
  00000000    00000000    000000e4   000000e4    r-- .intvecs
  000000e4    000000e4    00001de0   00001de0    r-x .text
  00001ec8    00001ec8    00000040   00000040    r-- .cinit
20000000    20000000    0000007d   00000000    rw-
  20000000    20000000    0000004c   00000000    rw- .bss
  2000004c    2000004c    00000031   00000000    rw- .data
2000fe00    2000fe00    00000200   00000000    rw-
  2000fe00    2000fe00    00000200   00000000    rw- .stack


SECTION ALLOCATION MAP

 output                                  attributes/
section   page    origin      length       input sections
--------  ----  ----------  ----------   ----------------
.intvecs   0    00000000    000000e4     
                  00000000    000000e4     startup_msp432p401r_ccs.obj (.intvecs:retain)

.text      0    000000e4    00001de0     
                  000000e4    00000524     DriveSystem.obj (.text)
                  00000608    00000450     main.obj (.text)
                  00000a58    000003f0     LineSensors.obj (.text)
                  00000e48    00000334     system_msp432p401r.obj (.text)
                  0000117c    000002b0     ADC14.obj (.text)
                  0000142c    000001a4     MotorEncoder.obj (.text)
                  000015d0    00000180     PWM.obj (.text)
                  00001750    00000136     rtsv7M4_T_le_v4SPD16_eabi.lib : fd_div_t2.asm.obj (.text)
                  00001886    000000fc                                   : fd_mul_t2.asm.obj (.text)
                  00001982    00000002     --HOLE-- [fill = 0]
                  00001984    000000f8     BumpSwitch.obj (.text)
                  00001a7c    0000009c     rtsv7M4_T_le_v4SPD16_eabi.lib : memcpy_t2.asm.obj (.text)
                  00001b18    0000007a                                   : memset_t2.asm.obj (.text)
                  00001b92    0000006e                                   : fd_tos_t2.asm.obj (.text)
                  00001c00    0000006c     SysTick.obj (.text)
                  00001c6c    00000068     rtsv7M4_T_le_v4SPD16_eabi.lib : copy_decompress_lzss.c.obj (.text:decompress:lzss:__TI_decompress_lzss)
                  00001cd4    00000048                                   : fd_toi_t2.asm.obj (.text)
                  00001d1c    00000044                                   : autoinit.c.obj (.text:__TI_auto_init_nobinit_nopinit:__TI_auto_init_nobinit_nopinit)
                  00001d60    00000044                                   : fd_tou_t2.asm.obj (.text)
                  00001da4    00000038                                   : boot_cortex_m.c.obj (.text:_c_int00_noargs:_c_int00_noargs)
                  00001ddc    00000038                                   : fs_tod_t2.asm.obj (.text)
                  00001e14    00000032     LineSensors.obj (.text:line_sensors_add_port)
                  00001e46    00000028     LidarSensors.obj (.text)
                  00001e6e    00000020     rtsv7M4_T_le_v4SPD16_eabi.lib : u_tofd_t2.asm.obj (.text)
                  00001e8e    00000012                                   : copy_zero_init.c.obj (.text:decompress:ZI:__TI_zero_init_nomemset:__TI_zero_init_nomemset)
                  00001ea0    0000000e                                   : copy_decompress_none.c.obj (.text:decompress:none:__TI_decompress_none)
                  00001eae    0000000e     startup_msp432p401r_ccs.obj (.text)
                  00001ebc    00000004     rtsv7M4_T_le_v4SPD16_eabi.lib : pre_init.c.obj (.text:_system_pre_init)
                  00001ec0    00000004                                   : exit.c.obj (.text:abort:abort)

.cinit     0    00001ec8    00000040     
                  00001ec8    00000019     (.cinit..data.load) [load image, compression = lzss]
                  00001ee1    00000003     --HOLE-- [fill = 0]
                  00001ee4    0000000c     (__TI_handler_table)
                  00001ef0    00000008     (.cinit..bss.load) [load image, compression = zero_init]
                  00001ef8    00000010     (__TI_cinit_table)

.init_array 
*          0    00000000    00000000     UNINITIALIZED

.binit     0    00000000    00000000     

.bss       0    20000000    0000004c     UNINITIALIZED
                  20000000    00000020     LineSensors.obj (.bss:line_sensors)
                  20000020    00000014     MotorEncoder.obj (.bss:left_encoder)
                  20000034    00000014     MotorEncoder.obj (.bss:right_encoder)
                  20000048    00000004     (.common:ir_led)

.data      0    2000004c    00000031     UNINITIALIZED
                  2000004c    00000018     main.obj (.data)
                  20000064    0000000c     DriveSystem.obj (.data)
                  20000070    00000008     BumpSwitch.obj (.data)
                  20000078    00000004     system_msp432p401r.obj (.data)
                  2000007c    00000001     LineSensors.obj (.data)

.stack     0    2000fe00    00000200     UNINITIALIZED
                  2000fe00    00000004     rtsv7M4_T_le_v4SPD16_eabi.lib : boot_cortex_m.c.obj (.stack)
                  2000fe04    000001fc     --HOLE--

MODULE SUMMARY

       Module                        code   ro data   rw data
       ------                        ----   -------   -------
    ./
       DriveSystem.obj               1316   0         24     
       main.obj                      1104   0         48     
       LineSensors.obj               1058   0         74     
       system_msp432p401r.obj        820    0         8      
       ADC14.obj                     688    0         0      
       MotorEncoder.obj              420    0         80     
       PWM.obj                       384    0         0      
       BumpSwitch.obj                248    0         16     
       startup_msp432p401r_ccs.obj   14     228       0      
       SysTick.obj                   108    0         0      
       LidarSensors.obj              40     0         0      
    +--+-----------------------------+------+---------+---------+
       Total:                        6200   228       250    
                                                             
    /Applications/ti/ccsv8/tools/compiler/ti-cgt-arm_18.1.2.LTS/lib/rtsv7M4_T_le_v4SPD16_eabi.lib
       fd_div_t2.asm.obj             310    0         0      
       fd_mul_t2.asm.obj             252    0         0      
       memcpy_t2.asm.obj             156    0         0      
       memset_t2.asm.obj             122    0         0      
       fd_tos_t2.asm.obj             110    0         0      
       copy_decompress_lzss.c.obj    104    0         0      
       fd_toi_t2.asm.obj             72     0         0      
       autoinit.c.obj                68     0         0      
       fd_tou_t2.asm.obj             68     0         0      
       boot_cortex_m.c.obj           56     0         0      
       fs_tod_t2.asm.obj             56     0         0      
       u_tofd_t2.asm.obj             32     0         0      
       copy_zero_init.c.obj          18     0         0      
       copy_decompress_none.c.obj    14     0         0      
       exit.c.obj                    4      0         0      
       pre_init.c.obj                4      0         0      
    +--+-----------------------------+------+---------+---------+
       Total:                        1446   0         0      
                                                             
       Stack:                        0      0         1024   
       Linker Generated:             0      61        0      
    +--+-----------------------------+------+---------+---------+
       Grand Total:                  7646   289       1274   


LINKER GENERATED COPY TABLES

__TI_cinit_table @ 00001ef8 records: 2, size/record: 8, table size: 16
	.data: load addr=00001ec8, load size=00000019 bytes, run addr=2000004c, run size=00000031 bytes, compression=lzss
	.bss: load addr=00001ef0, load size=00000008 bytes, run addr=20000000, run size=0000004c bytes, compression=zero_init


LINKER GENERATED HANDLER TABLE

__TI_handler_table @ 00001ee4 records: 3, size/record: 4, table size: 12
	index: 0, handler: __TI_decompress_lzss
	index: 1, handler: __TI_decompress_none
	index: 2, handler: __TI_zero_init


GLOBAL SYMBOLS: SORTED ALPHABETICALLY BY Name 

address   name                          
-------   ----                          
000013c9  ADC0_InitSWTriggerCh12        
000011ed  ADC0_InitSWTriggerCh14        
000012cd  ADC0_InitSWTriggerCh15        
0000117d  ADC0_InitSWTriggerCh16        
000013cf  ADC0_InitSWTriggerCh17_12_16  
0000125d  ADC0_InitSWTriggerCh6         
0000133d  ADC0_InitSWTriggerCh67        
00001ebb  ADC14_IRQHandler              
000013cb  ADC_In12                      
0000123d  ADC_In14                      
0000131d  ADC_In15                      
000011cd  ADC_In16                      
000013d1  ADC_In17_12_16                
000012ad  ADC_In6                       
00001393  ADC_In67                      
00001ebb  AES256_IRQHandler             
000019bd  BumpSwitches_Init             
00001ebb  BusFault_Handler              
00001ec1  C$$EXIT                       
00001ebb  COMP_E0_IRQHandler            
00001ebb  COMP_E1_IRQHandler            
00001ebb  CS_IRQHandler                 
00001ebb  DMA_ERR_IRQHandler            
00001ebb  DMA_INT0_IRQHandler           
00001ebb  DMA_INT1_IRQHandler           
00001ebb  DMA_INT2_IRQHandler           
00001ebb  DMA_INT3_IRQHandler           
00001ebb  DebugMon_Handler              
00001ebb  Default_Handler               
000000e5  DriveSystem_Init              
00001ebb  EUSCIA0_IRQHandler            
00001ebb  EUSCIA1_IRQHandler            
00001ebb  EUSCIA2_IRQHandler            
00001ebb  EUSCIA3_IRQHandler            
00001ebb  EUSCIB0_IRQHandler            
00001ebb  EUSCIB1_IRQHandler            
00001ebb  EUSCIB2_IRQHandler            
00001ebb  EUSCIB3_IRQHandler            
00001ebb  FLCTL_IRQHandler              
00001ebb  FPU_IRQHandler                
00001ebb  HardFault_Handler             
00000a59  Init_LineSensors              
00001e47  LidarSensors_Init             
00001ebb  MemManage_Handler             
00001459  MotorEncoder_Init             
00001ebb  NMI_Handler                   
00001ebb  PCM_IRQHandler                
00001ebb  PORT1_IRQHandler              
000014ed  PORT2_IRQHandler              
000014ed  PORT2_IRQHandler              
00001ebb  PORT3_IRQHandler              
00001a29  PORT4_IRQHandler              
00001a29  PORT4_IRQHandler              
00001ebb  PORT5_IRQHandler              
00001ebb  PORT6_IRQHandler              
00001ebb  PSS_IRQHandler                
000016bb  PWM_Duty1                     
000016db  PWM_Duty2                     
0000170f  PWM_Duty3                     
0000171b  PWM_Duty4                     
000015d1  PWM_Init1                     
00001637  PWM_Init12                    
000016fb  PWM_Init34                    
00001ebb  PendSV_Handler                
00001ebb  RTC_C_IRQHandler              
00001eaf  Reset_Handler                 
00001ebb  SVC_Handler                   
00001ebb  SysTick_Handler               
00001c01  SysTick_Init                  
00001c11  SysTick_Wait                  
00001c37  SysTick_Wait10ms              
20000078  SystemCoreClock               
00000e49  SystemCoreClockUpdate         
000010c1  SystemInit                    
00001ebb  T32_INT1_IRQHandler           
00001ebb  T32_INT2_IRQHandler           
00001ebb  T32_INTC_IRQHandler           
00001ebb  TA0_0_IRQHandler              
00001523  TA0_N_IRQHandler              
00001523  TA0_N_IRQHandler              
00001ebb  TA1_0_IRQHandler              
00001ebb  TA1_N_IRQHandler              
00001ebb  TA2_0_IRQHandler              
00001ebb  TA2_N_IRQHandler              
00001ebb  TA3_0_IRQHandler              
00001ebb  TA3_N_IRQHandler              
00001ebb  UsageFault_Handler            
4000480c  WDTCTL_SYM                    
00001ebb  WDT_A_IRQHandler              
20010000  __STACK_END                   
00000200  __STACK_SIZE                  
00001ef8  __TI_CINIT_Base               
00001f08  __TI_CINIT_Limit              
00001ee4  __TI_Handler_Table_Base       
00001ef0  __TI_Handler_Table_Limit      
00001d1d  __TI_auto_init_nobinit_nopinit
00001c6d  __TI_decompress_lzss          
00001ea1  __TI_decompress_none          
ffffffff  __TI_pprof_out_hndl           
ffffffff  __TI_prof_data_size           
ffffffff  __TI_prof_data_start          
00000000  __TI_static_base__            
00001e8f  __TI_zero_init_nomemset       
00001b93  __aeabi_d2f                   
00001cd5  __aeabi_d2iz                  
00001d61  __aeabi_d2uiz                 
00001751  __aeabi_ddiv                  
00001887  __aeabi_dmul                  
00001ddd  __aeabi_f2d                   
00001b19  __aeabi_memclr                
00001b19  __aeabi_memclr4               
00001b19  __aeabi_memclr8               
00001a7d  __aeabi_memcpy                
00001a7d  __aeabi_memcpy4               
00001a7d  __aeabi_memcpy8               
00001b1b  __aeabi_memset                
00001b1b  __aeabi_memset4               
00001b1b  __aeabi_memset8               
00001e6f  __aeabi_ui2d                  
ffffffff  __binit__                     
ffffffff  __c_args__                    
UNDEFED   __mpu_init                    
2000fe00  __stack                       
00001da5  _c_int00_noargs               
UNDEFED   _system_post_cinit            
00001ebd  _system_pre_init              
00001ec1  abort                         
00000841  avoid_object                  
ffffffff  binit                         
20000050  bmp_cnt                       
00001a43  bump_clear_trigger            
000019b1  bump_def_handler              
000009db  bump_interrupt                
00001a3d  bump_is_triggered             
20000074  bump_task                     
000014bd  count_to_cm                   
00000609  dead_reckoning                
00000221  drive_backward_cm             
000001ff  drive_forward_cm              
00000593  drive_left_speed              
000004b7  drive_pivot_ccw               
000003c9  drive_pivot_cw                
000005bd  drive_right_speed             
00000139  drive_straight_cm             
000002ff  drive_turn_left               
0000024d  drive_turn_right              
00000000  interruptVectors              
20000048  ir_led                        
00001e57  lidar_forward_read            
20000058  lidar_forward_val             
00001e67  lidar_left_read               
20000054  lidar_left_val                
00001e5f  lidar_right_read              
2000005c  lidar_right_val               
00000ca1  line_sensor_auto_cal          
00000af5  line_sensor_config_ir_led     
00000c8f  line_sensor_get_count         
00000bf9  line_sensor_read              
00000b51  line_sensor_reset             
00000bcb  line_sensor_reset_all         
00000a9b  line_sensors_add              
00001e15  line_sensors_add_port         
00000ac1  line_sensors_add_sensor       
00000c95  line_sensors_get              
00000935  main                          
2000004c  main_cnt                      
000006b5  maze                          
00001a7d  memcpy                        
00001b21  memset                        
000014e9  motor_encoder_get_left        
000014e5  motor_encoder_get_right       
20000060  test                          


GLOBAL SYMBOLS: SORTED BY Symbol Address 

address   name                          
-------   ----                          
00000000  __TI_static_base__            
00000000  interruptVectors              
000000e5  DriveSystem_Init              
00000139  drive_straight_cm             
000001ff  drive_forward_cm              
00000200  __STACK_SIZE                  
00000221  drive_backward_cm             
0000024d  drive_turn_right              
000002ff  drive_turn_left               
000003c9  drive_pivot_cw                
000004b7  drive_pivot_ccw               
00000593  drive_left_speed              
000005bd  drive_right_speed             
00000609  dead_reckoning                
000006b5  maze                          
00000841  avoid_object                  
00000935  main                          
000009db  bump_interrupt                
00000a59  Init_LineSensors              
00000a9b  line_sensors_add              
00000ac1  line_sensors_add_sensor       
00000af5  line_sensor_config_ir_led     
00000b51  line_sensor_reset             
00000bcb  line_sensor_reset_all         
00000bf9  line_sensor_read              
00000c8f  line_sensor_get_count         
00000c95  line_sensors_get              
00000ca1  line_sensor_auto_cal          
00000e49  SystemCoreClockUpdate         
000010c1  SystemInit                    
0000117d  ADC0_InitSWTriggerCh16        
000011cd  ADC_In16                      
000011ed  ADC0_InitSWTriggerCh14        
0000123d  ADC_In14                      
0000125d  ADC0_InitSWTriggerCh6         
000012ad  ADC_In6                       
000012cd  ADC0_InitSWTriggerCh15        
0000131d  ADC_In15                      
0000133d  ADC0_InitSWTriggerCh67        
00001393  ADC_In67                      
000013c9  ADC0_InitSWTriggerCh12        
000013cb  ADC_In12                      
000013cf  ADC0_InitSWTriggerCh17_12_16  
000013d1  ADC_In17_12_16                
00001459  MotorEncoder_Init             
000014bd  count_to_cm                   
000014e5  motor_encoder_get_right       
000014e9  motor_encoder_get_left        
000014ed  PORT2_IRQHandler              
000014ed  PORT2_IRQHandler              
00001523  TA0_N_IRQHandler              
00001523  TA0_N_IRQHandler              
000015d1  PWM_Init1                     
00001637  PWM_Init12                    
000016bb  PWM_Duty1                     
000016db  PWM_Duty2                     
000016fb  PWM_Init34                    
0000170f  PWM_Duty3                     
0000171b  PWM_Duty4                     
00001751  __aeabi_ddiv                  
00001887  __aeabi_dmul                  
000019b1  bump_def_handler              
000019bd  BumpSwitches_Init             
00001a29  PORT4_IRQHandler              
00001a29  PORT4_IRQHandler              
00001a3d  bump_is_triggered             
00001a43  bump_clear_trigger            
00001a7d  __aeabi_memcpy                
00001a7d  __aeabi_memcpy4               
00001a7d  __aeabi_memcpy8               
00001a7d  memcpy                        
00001b19  __aeabi_memclr                
00001b19  __aeabi_memclr4               
00001b19  __aeabi_memclr8               
00001b1b  __aeabi_memset                
00001b1b  __aeabi_memset4               
00001b1b  __aeabi_memset8               
00001b21  memset                        
00001b93  __aeabi_d2f                   
00001c01  SysTick_Init                  
00001c11  SysTick_Wait                  
00001c37  SysTick_Wait10ms              
00001c6d  __TI_decompress_lzss          
00001cd5  __aeabi_d2iz                  
00001d1d  __TI_auto_init_nobinit_nopinit
00001d61  __aeabi_d2uiz                 
00001da5  _c_int00_noargs               
00001ddd  __aeabi_f2d                   
00001e15  line_sensors_add_port         
00001e47  LidarSensors_Init             
00001e57  lidar_forward_read            
00001e5f  lidar_right_read              
00001e67  lidar_left_read               
00001e6f  __aeabi_ui2d                  
00001e8f  __TI_zero_init_nomemset       
00001ea1  __TI_decompress_none          
00001eaf  Reset_Handler                 
00001ebb  ADC14_IRQHandler              
00001ebb  AES256_IRQHandler             
00001ebb  BusFault_Handler              
00001ebb  COMP_E0_IRQHandler            
00001ebb  COMP_E1_IRQHandler            
00001ebb  CS_IRQHandler                 
00001ebb  DMA_ERR_IRQHandler            
00001ebb  DMA_INT0_IRQHandler           
00001ebb  DMA_INT1_IRQHandler           
00001ebb  DMA_INT2_IRQHandler           
00001ebb  DMA_INT3_IRQHandler           
00001ebb  DebugMon_Handler              
00001ebb  Default_Handler               
00001ebb  EUSCIA0_IRQHandler            
00001ebb  EUSCIA1_IRQHandler            
00001ebb  EUSCIA2_IRQHandler            
00001ebb  EUSCIA3_IRQHandler            
00001ebb  EUSCIB0_IRQHandler            
00001ebb  EUSCIB1_IRQHandler            
00001ebb  EUSCIB2_IRQHandler            
00001ebb  EUSCIB3_IRQHandler            
00001ebb  FLCTL_IRQHandler              
00001ebb  FPU_IRQHandler                
00001ebb  HardFault_Handler             
00001ebb  MemManage_Handler             
00001ebb  NMI_Handler                   
00001ebb  PCM_IRQHandler                
00001ebb  PORT1_IRQHandler              
00001ebb  PORT3_IRQHandler              
00001ebb  PORT5_IRQHandler              
00001ebb  PORT6_IRQHandler              
00001ebb  PSS_IRQHandler                
00001ebb  PendSV_Handler                
00001ebb  RTC_C_IRQHandler              
00001ebb  SVC_Handler                   
00001ebb  SysTick_Handler               
00001ebb  T32_INT1_IRQHandler           
00001ebb  T32_INT2_IRQHandler           
00001ebb  T32_INTC_IRQHandler           
00001ebb  TA0_0_IRQHandler              
00001ebb  TA1_0_IRQHandler              
00001ebb  TA1_N_IRQHandler              
00001ebb  TA2_0_IRQHandler              
00001ebb  TA2_N_IRQHandler              
00001ebb  TA3_0_IRQHandler              
00001ebb  TA3_N_IRQHandler              
00001ebb  UsageFault_Handler            
00001ebb  WDT_A_IRQHandler              
00001ebd  _system_pre_init              
00001ec1  C$$EXIT                       
00001ec1  abort                         
00001ee4  __TI_Handler_Table_Base       
00001ef0  __TI_Handler_Table_Limit      
00001ef8  __TI_CINIT_Base               
00001f08  __TI_CINIT_Limit              
20000048  ir_led                        
2000004c  main_cnt                      
20000050  bmp_cnt                       
20000054  lidar_left_val                
20000058  lidar_forward_val             
2000005c  lidar_right_val               
20000060  test                          
20000074  bump_task                     
20000078  SystemCoreClock               
2000fe00  __stack                       
20010000  __STACK_END                   
4000480c  WDTCTL_SYM                    
ffffffff  __TI_pprof_out_hndl           
ffffffff  __TI_prof_data_size           
ffffffff  __TI_prof_data_start          
ffffffff  __binit__                     
ffffffff  __c_args__                    
ffffffff  binit                         
UNDEFED   __mpu_init                    
UNDEFED   _system_post_cinit            

[172 symbols]
