******************************************************************************
                  TI ARM Linker Unix v18.1.2                   
******************************************************************************
>> Linked Wed Nov 28 12:43:52 2018

OUTPUT FILE NAME:   <FinalMaze.out>
ENTRY POINT SYMBOL: "_c_int00_noargs"  address: 00000939


MEMORY CONFIGURATION

         name            origin    length      used     unused   attr    fill
----------------------  --------  ---------  --------  --------  ----  --------
  MAIN                  00000000   00040000  00000a10  0003f5f0  R  X
  INFO                  00200000   00004000  00000000  00004000  R  X
  SRAM_CODE             01000000   00010000  00000249  0000fdb7  RW X
  SRAM_DATA             20000000   00010000  00000249  0000fdb7  RW  


SEGMENT ALLOCATION MAP

run origin  load origin   length   init length attrs members
----------  ----------- ---------- ----------- ----- -------
00000000    00000000    00000a10   00000a10    r-x
  00000000    00000000    000000e4   000000e4    r-- .intvecs
  000000e4    000000e4    000008f4   000008f4    r-x .text
  000009d8    000009d8    00000038   00000038    r-- .cinit
20000000    20000000    0000004c   00000000    rw-
  20000000    20000000    00000025   00000000    rw- .data
  20000028    20000028    00000024   00000000    rw- .bss
2000fe00    2000fe00    00000200   00000000    rw-
  2000fe00    2000fe00    00000200   00000000    rw- .stack


SECTION ALLOCATION MAP

 output                                  attributes/
section   page    origin      length       input sections
--------  ----  ----------  ----------   ----------------
.intvecs   0    00000000    000000e4     
                  00000000    000000e4     startup_msp432p401r_ccs.obj (.intvecs:retain)

.text      0    000000e4    000008f4     
                  000000e4    00000334     system_msp432p401r.obj (.text)
                  00000418    00000204     LineSensors.obj (.text)
                  0000061c    000000c8     MotorEncoder.obj (.text)
                  000006e4    000000a0     main.obj (.text)
                  00000784    0000009c     rtsv7M4_T_le_v4SPD16_eabi.lib : memcpy_t2.asm.obj (.text)
                  00000820    0000006c     SysTick.obj (.text)
                  0000088c    00000068     rtsv7M4_T_le_v4SPD16_eabi.lib : copy_decompress_lzss.c.obj (.text:decompress:lzss:__TI_decompress_lzss)
                  000008f4    00000044                                   : autoinit.c.obj (.text:__TI_auto_init_nobinit_nopinit:__TI_auto_init_nobinit_nopinit)
                  00000938    00000038                                   : boot_cortex_m.c.obj (.text:_c_int00_noargs:_c_int00_noargs)
                  00000970    00000032     LineSensors.obj (.text:line_sensors_add_port)
                  000009a2    00000012     rtsv7M4_T_le_v4SPD16_eabi.lib : copy_zero_init.c.obj (.text:decompress:ZI:__TI_zero_init_nomemset:__TI_zero_init_nomemset)
                  000009b4    0000000e                                   : copy_decompress_none.c.obj (.text:decompress:none:__TI_decompress_none)
                  000009c2    0000000e     startup_msp432p401r_ccs.obj (.text)
                  000009d0    00000004     rtsv7M4_T_le_v4SPD16_eabi.lib : pre_init.c.obj (.text:_system_pre_init)
                  000009d4    00000004                                   : exit.c.obj (.text:abort:abort)

.cinit     0    000009d8    00000038     
                  000009d8    0000000d     (.cinit..data.load) [load image, compression = lzss]
                  000009e5    00000003     --HOLE-- [fill = 0]
                  000009e8    0000000c     (__TI_handler_table)
                  000009f4    00000004     --HOLE-- [fill = 0]
                  000009f8    00000008     (.cinit..bss.load) [load image, compression = zero_init]
                  00000a00    00000010     (__TI_cinit_table)

.init_array 
*          0    00000000    00000000     UNINITIALIZED

.binit     0    00000000    00000000     

.data      0    20000000    00000025     UNINITIALIZED
                  20000000    00000020     main.obj (.data:values)
                  20000020    00000004     system_msp432p401r.obj (.data)
                  20000024    00000001     LineSensors.obj (.data)

.bss       0    20000028    00000024     UNINITIALIZED
                  20000028    00000020     LineSensors.obj (.bss:line_sensors)
                  20000048    00000004     (.common:ir_led)

.stack     0    2000fe00    00000200     UNINITIALIZED
                  2000fe00    00000004     rtsv7M4_T_le_v4SPD16_eabi.lib : boot_cortex_m.c.obj (.stack)
                  2000fe04    000001fc     --HOLE--

MODULE SUMMARY

       Module                        code   ro data   rw data
       ------                        ----   -------   -------
    ./
       system_msp432p401r.obj        820    0         8      
       LineSensors.obj               566    0         74     
       startup_msp432p401r_ccs.obj   14     228       0      
       main.obj                      160    0         64     
       MotorEncoder.obj              200    0         0      
       SysTick.obj                   108    0         0      
    +--+-----------------------------+------+---------+---------+
       Total:                        1868   228       146    
                                                             
    /Applications/ti/ccsv8/tools/compiler/ti-cgt-arm_18.1.2.LTS/lib/rtsv7M4_T_le_v4SPD16_eabi.lib
       memcpy_t2.asm.obj             156    0         0      
       copy_decompress_lzss.c.obj    104    0         0      
       autoinit.c.obj                68     0         0      
       boot_cortex_m.c.obj           56     0         0      
       copy_zero_init.c.obj          18     0         0      
       copy_decompress_none.c.obj    14     0         0      
       exit.c.obj                    4      0         0      
       pre_init.c.obj                4      0         0      
    +--+-----------------------------+------+---------+---------+
       Total:                        424    0         0      
                                                             
       Stack:                        0      0         1024   
       Linker Generated:             0      49        0      
    +--+-----------------------------+------+---------+---------+
       Grand Total:                  2292   277       1170   


LINKER GENERATED COPY TABLES

__TI_cinit_table @ 00000a00 records: 2, size/record: 8, table size: 16
	.data: load addr=000009d8, load size=0000000d bytes, run addr=20000000, run size=00000025 bytes, compression=lzss
	.bss: load addr=000009f8, load size=00000008 bytes, run addr=20000028, run size=00000024 bytes, compression=zero_init


LINKER GENERATED HANDLER TABLE

__TI_handler_table @ 000009e8 records: 3, size/record: 4, table size: 12
	index: 0, handler: __TI_decompress_lzss
	index: 1, handler: __TI_decompress_none
	index: 2, handler: __TI_zero_init


GLOBAL SYMBOLS: SORTED ALPHABETICALLY BY Name 

address   name                          
-------   ----                          
000009cf  ADC14_IRQHandler              
000009cf  AES256_IRQHandler             
000009cf  BusFault_Handler              
000009d5  C$$EXIT                       
000009cf  COMP_E0_IRQHandler            
000009cf  COMP_E1_IRQHandler            
000009cf  CS_IRQHandler                 
000009cf  DMA_ERR_IRQHandler            
000009cf  DMA_INT0_IRQHandler           
000009cf  DMA_INT1_IRQHandler           
000009cf  DMA_INT2_IRQHandler           
000009cf  DMA_INT3_IRQHandler           
000009cf  DebugMon_Handler              
000009cf  Default_Handler               
000009cf  EUSCIA0_IRQHandler            
000009cf  EUSCIA1_IRQHandler            
000009cf  EUSCIA2_IRQHandler            
000009cf  EUSCIA3_IRQHandler            
000009cf  EUSCIB0_IRQHandler            
000009cf  EUSCIB1_IRQHandler            
000009cf  EUSCIB2_IRQHandler            
000009cf  EUSCIB3_IRQHandler            
000009cf  FLCTL_IRQHandler              
000009cf  FPU_IRQHandler                
000009cf  HardFault_Handler             
00000419  Init_LineSensors              
000009cf  MemManage_Handler             
00000649  MotorEncoder_Init             
000009cf  NMI_Handler                   
000009cf  PCM_IRQHandler                
000009cf  PORT1_IRQHandler              
000009cf  PORT2_IRQHandler              
000009cf  PORT3_IRQHandler              
000009cf  PORT4_IRQHandler              
000009cf  PORT5_IRQHandler              
000009cf  PORT6_IRQHandler              
000009cf  PSS_IRQHandler                
000009cf  PendSV_Handler                
000009cf  RTC_C_IRQHandler              
000009c3  Reset_Handler                 
000009cf  SVC_Handler                   
000009cf  SysTick_Handler               
00000821  SysTick_Init                  
00000831  SysTick_Wait                  
00000857  SysTick_Wait10ms              
20000020  SystemCoreClock               
000000e5  SystemCoreClockUpdate         
0000035d  SystemInit                    
000009cf  T32_INT1_IRQHandler           
000009cf  T32_INT2_IRQHandler           
000009cf  T32_INTC_IRQHandler           
000009cf  TA0_0_IRQHandler              
000006b7  TA0_N_IRQHandler              
000006b7  TA0_N_IRQHandler              
000009cf  TA1_0_IRQHandler              
000009cf  TA1_N_IRQHandler              
000009cf  TA2_0_IRQHandler              
000009cf  TA2_N_IRQHandler              
000009cf  TA3_0_IRQHandler              
000009cf  TA3_N_IRQHandler              
000009cf  UsageFault_Handler            
4000480c  WDTCTL_SYM                    
000009cf  WDT_A_IRQHandler              
20010000  __STACK_END                   
00000200  __STACK_SIZE                  
00000a00  __TI_CINIT_Base               
00000a10  __TI_CINIT_Limit              
000009e8  __TI_Handler_Table_Base       
000009f4  __TI_Handler_Table_Limit      
000008f5  __TI_auto_init_nobinit_nopinit
0000088d  __TI_decompress_lzss          
000009b5  __TI_decompress_none          
ffffffff  __TI_pprof_out_hndl           
ffffffff  __TI_prof_data_size           
ffffffff  __TI_prof_data_start          
00000000  __TI_static_base__            
000009a3  __TI_zero_init_nomemset       
00000785  __aeabi_memcpy                
00000785  __aeabi_memcpy4               
00000785  __aeabi_memcpy8               
ffffffff  __binit__                     
ffffffff  __c_args__                    
UNDEFED   __mpu_init                    
2000fe00  __stack                       
00000939  _c_int00_noargs               
UNDEFED   _system_post_cinit            
000009d1  _system_pre_init              
000009d5  abort                         
ffffffff  binit                         
00000000  interruptVectors              
20000048  ir_led                        
000004af  line_sensor_config_ir_led     
000005fb  line_sensor_get_count         
000005b3  line_sensor_read              
0000050b  line_sensor_reset             
00000585  line_sensor_reset_all         
0000045b  line_sensors_add              
00000971  line_sensors_add_port         
0000047b  line_sensors_add_sensor       
00000601  line_sensors_get              
000006e5  main                          
00000785  memcpy                        
20000000  values                        


GLOBAL SYMBOLS: SORTED BY Symbol Address 

address   name                          
-------   ----                          
00000000  __TI_static_base__            
00000000  interruptVectors              
000000e5  SystemCoreClockUpdate         
00000200  __STACK_SIZE                  
0000035d  SystemInit                    
00000419  Init_LineSensors              
0000045b  line_sensors_add              
0000047b  line_sensors_add_sensor       
000004af  line_sensor_config_ir_led     
0000050b  line_sensor_reset             
00000585  line_sensor_reset_all         
000005b3  line_sensor_read              
000005fb  line_sensor_get_count         
00000601  line_sensors_get              
00000649  MotorEncoder_Init             
000006b7  TA0_N_IRQHandler              
000006b7  TA0_N_IRQHandler              
000006e5  main                          
00000785  __aeabi_memcpy                
00000785  __aeabi_memcpy4               
00000785  __aeabi_memcpy8               
00000785  memcpy                        
00000821  SysTick_Init                  
00000831  SysTick_Wait                  
00000857  SysTick_Wait10ms              
0000088d  __TI_decompress_lzss          
000008f5  __TI_auto_init_nobinit_nopinit
00000939  _c_int00_noargs               
00000971  line_sensors_add_port         
000009a3  __TI_zero_init_nomemset       
000009b5  __TI_decompress_none          
000009c3  Reset_Handler                 
000009cf  ADC14_IRQHandler              
000009cf  AES256_IRQHandler             
000009cf  BusFault_Handler              
000009cf  COMP_E0_IRQHandler            
000009cf  COMP_E1_IRQHandler            
000009cf  CS_IRQHandler                 
000009cf  DMA_ERR_IRQHandler            
000009cf  DMA_INT0_IRQHandler           
000009cf  DMA_INT1_IRQHandler           
000009cf  DMA_INT2_IRQHandler           
000009cf  DMA_INT3_IRQHandler           
000009cf  DebugMon_Handler              
000009cf  Default_Handler               
000009cf  EUSCIA0_IRQHandler            
000009cf  EUSCIA1_IRQHandler            
000009cf  EUSCIA2_IRQHandler            
000009cf  EUSCIA3_IRQHandler            
000009cf  EUSCIB0_IRQHandler            
000009cf  EUSCIB1_IRQHandler            
000009cf  EUSCIB2_IRQHandler            
000009cf  EUSCIB3_IRQHandler            
000009cf  FLCTL_IRQHandler              
000009cf  FPU_IRQHandler                
000009cf  HardFault_Handler             
000009cf  MemManage_Handler             
000009cf  NMI_Handler                   
000009cf  PCM_IRQHandler                
000009cf  PORT1_IRQHandler              
000009cf  PORT2_IRQHandler              
000009cf  PORT3_IRQHandler              
000009cf  PORT4_IRQHandler              
000009cf  PORT5_IRQHandler              
000009cf  PORT6_IRQHandler              
000009cf  PSS_IRQHandler                
000009cf  PendSV_Handler                
000009cf  RTC_C_IRQHandler              
000009cf  SVC_Handler                   
000009cf  SysTick_Handler               
000009cf  T32_INT1_IRQHandler           
000009cf  T32_INT2_IRQHandler           
000009cf  T32_INTC_IRQHandler           
000009cf  TA0_0_IRQHandler              
000009cf  TA1_0_IRQHandler              
000009cf  TA1_N_IRQHandler              
000009cf  TA2_0_IRQHandler              
000009cf  TA2_N_IRQHandler              
000009cf  TA3_0_IRQHandler              
000009cf  TA3_N_IRQHandler              
000009cf  UsageFault_Handler            
000009cf  WDT_A_IRQHandler              
000009d1  _system_pre_init              
000009d5  C$$EXIT                       
000009d5  abort                         
000009e8  __TI_Handler_Table_Base       
000009f4  __TI_Handler_Table_Limit      
00000a00  __TI_CINIT_Base               
00000a10  __TI_CINIT_Limit              
20000000  values                        
20000020  SystemCoreClock               
20000048  ir_led                        
2000fe00  __stack                       
20010000  __STACK_END                   
4000480c  WDTCTL_SYM                    
ffffffff  __TI_pprof_out_hndl           
ffffffff  __TI_prof_data_size           
ffffffff  __TI_prof_data_start          
ffffffff  __binit__                     
ffffffff  __c_args__                    
ffffffff  binit                         
UNDEFED   __mpu_init                    
UNDEFED   _system_post_cinit            

[103 symbols]
